cargo :     Checking tracea v0.1.0 (E:\Projects\Tracea)
発生場所 行:1 文字:1
+ cargo check --lib > errors.txt 2>&1
+ ~~~~~~~~~~~~~~~~~~~~~~~~~~~~~~~~~~~
    + CategoryInfo          : NotSpecified: (    Check 
   ing tr...rojects\Tracea):String) [], RemoteExcepti  
  on
    + FullyQualifiedErrorId : NativeCommandError
 
error: expected one of `!` or `::`, found keyword `pub`
  --> src\optimizer\benchmark.rs:44:1
   |
42 |  Wildebeest
   |            - expected one of `!` or `::`
43 |
44 | pub struct NVRTCBenchmark {
   | ^^^ unexpected token

warning: unused imports: `PyRefMut` and `PyRef`
 --> src\interface\python.rs:6:12
  |
6 | use pyo3::{PyRef, PyRefMut};
  |            ^^^^^  ^^^^^^^^
  |
  = note: `#[warn(unused_imports)]` (part of `#[warn(un
used)]`) on by default

warning: unused import: `cudarc::nvrtc::Ptx`
 --> src\interface\python.rs:9:5
  |
9 | use cudarc::nvrtc::Ptx;
  |     ^^^^^^^^^^^^^^^^^^

warning: unused import: `std::collections::HashSet`
 --> src\semantic\mapping.rs:1:5
  |
1 | use std::collections::HashSet;
  |     ^^^^^^^^^^^^^^^^^^^^^^^^^

warning: unused import: `crate::semantic::swizzle::Swiz
zleMode`
 --> src\emitter\cuda.rs:3:5
  |
3 | use crate::semantic::swizzle::SwizzleMode;
  |     ^^^^^^^^^^^^^^^^^^^^^^^^^^^^^^^^^^^^^

warning: unused import: `cudarc::driver::LaunchAsync`
 --> src\emitter\jit.rs:2:5
  |
2 | use cudarc::driver::LaunchAsync;
  |     ^^^^^^^^^^^^^^^^^^^^^^^^^^^

warning: unused import: `Path`
 --> src\optimizer\cache.rs:4:17
  |
4 | use std::path::{Path, PathBuf};
  |                 ^^^^

warning: `tracea` (lib) generated 6 warnings
error: could not compile `tracea` (lib) due to 1 previo
us error; 6 warnings emitted
